// Jest Snapshot v1, https://goo.gl/fbAQLP

exports[`Pruebas sobre el componente FirstApp debe hacer match con el snapshot 1`] = `
<div>
  <h1>
    Hola, soy una prueba
  </h1>
  <p>
    123
  </p>
  <p>
    Manuel
  </p>
</div>
`;
