// Jest Snapshot v1, https://goo.gl/fbAQLP

exports[`Pruebas sobre el componente FirstApp debe hacer match con el snapshot 1`] = `
<div>
  <h1
    data-testid="test-title"
  >
    Hola soy el titulo de la app
  </h1>
  <p />
  <p />
  <p />
</div>
`;
