// Jest Snapshot v1, https://goo.gl/fbAQLP

exports[`Pruebas en GifGridItem debe hacer match con el snapshot 1`] = `
<div>
  <div
    class="card"
  >
    <img
      alt="Manolo"
      src="https://manolo.com"
    />
    <p>
      Manolo
    </p>
  </div>
</div>
`;
